raw_path=.checks/xlayer02-verify/bootstrap.log
raw_sha256=2cc02dec9adc6f3783198e75edc40da97bcaf5d698e568844e71f31b88c6e90d
public_copy=verification-root redacted; trailing whitespace normalized; original retained

source=0e31259c583fed08375c09018f778a4de8bc7c7d
archives=verified independent copies; pip-cache=independent copy; venv=fresh
Verified and installed foundry 1.5.1
Verified and installed solc 0.8.31
Verified and installed openzeppelin 5.4.0
Collecting aiohappyeyeballs==2.7.1 (from -r <VERIFY_ROOT>/contracts/requirements-slither.lock (line 3))
  Using cached aiohappyeyeballs-2.7.1-py3-none-any.whl (15 kB)
Collecting aiohttp==3.14.3 (from -r <VERIFY_ROOT>/contracts/requirements-slither.lock (line 4))
  Using cached aiohttp-3.14.3-cp312-cp312-macosx_11_0_arm64.whl (511 kB)
Collecting aiosignal==1.4.0 (from -r <VERIFY_ROOT>/contracts/requirements-slither.lock (line 5))
  Using cached aiosignal-1.4.0-py3-none-any.whl (7.5 kB)
Collecting annotated-types==0.8.0 (from -r <VERIFY_ROOT>/contracts/requirements-slither.lock (line 6))
  Using cached annotated_types-0.8.0-py3-none-any.whl (13 kB)
Collecting attrs==26.1.0 (from -r <VERIFY_ROOT>/contracts/requirements-slither.lock (line 7))
  Using cached attrs-26.1.0-py3-none-any.whl (67 kB)
Collecting bitarray==3.11.0 (from -r <VERIFY_ROOT>/contracts/requirements-slither.lock (line 8))
  Using cached bitarray-3.11.0-cp312-cp312-macosx_11_0_arm64.whl (166 kB)
Collecting cbor2==6.1.4 (from -r <VERIFY_ROOT>/contracts/requirements-slither.lock (line 9))
  Using cached cbor2-6.1.4-cp312-cp312-macosx_11_0_arm64.whl (404 kB)
Collecting certifi==2026.7.22 (from -r <VERIFY_ROOT>/contracts/requirements-slither.lock (line 10))
  Using cached certifi-2026.7.22-py3-none-any.whl (136 kB)
Collecting charset-normalizer==3.5.1 (from -r <VERIFY_ROOT>/contracts/requirements-slither.lock (line 11))
  Using cached charset_normalizer-3.5.1-cp312-cp312-macosx_10_13_universal2.whl (344 kB)
Collecting ckzg==2.1.8 (from -r <VERIFY_ROOT>/contracts/requirements-slither.lock (line 12))
  Using cached ckzg-2.1.8-cp312-cp312-macosx_11_0_arm64.whl (96 kB)
Collecting crytic-compile==0.3.11 (from -r <VERIFY_ROOT>/contracts/requirements-slither.lock (line 13))
  Using cached crytic_compile-0.3.11-py3-none-any.whl (99 kB)
Collecting cytoolz==1.1.0 (from -r <VERIFY_ROOT>/contracts/requirements-slither.lock (line 14))
  Using cached cytoolz-1.1.0-cp312-cp312-macosx_11_0_arm64.whl (991 kB)
Collecting eth_abi==6.0.0 (from -r <VERIFY_ROOT>/contracts/requirements-slither.lock (line 15))
  Using cached eth_abi-6.0.0-py3-none-any.whl (53 kB)
Collecting eth-account==0.14.0 (from -r <VERIFY_ROOT>/contracts/requirements-slither.lock (line 16))
  Using cached eth_account-0.14.0-py3-none-any.whl (586 kB)
Collecting eth-hash==0.8.0 (from -r <VERIFY_ROOT>/contracts/requirements-slither.lock (line 17))
  Using cached eth_hash-0.8.0-py3-none-any.whl (8.0 kB)
Collecting eth-keyfile==0.10.0 (from -r <VERIFY_ROOT>/contracts/requirements-slither.lock (line 18))
  Using cached eth_keyfile-0.10.0-py3-none-any.whl (9.5 kB)
Collecting eth-keys==0.8.0 (from -r <VERIFY_ROOT>/contracts/requirements-slither.lock (line 19))
  Using cached eth_keys-0.8.0-py3-none-any.whl (20 kB)
Collecting eth-rlp==3.0.0 (from -r <VERIFY_ROOT>/contracts/requirements-slither.lock (line 20))
  Using cached eth_rlp-3.0.0-py3-none-any.whl (15 kB)
Collecting eth-typing==6.0.0 (from -r <VERIFY_ROOT>/contracts/requirements-slither.lock (line 21))
  Using cached eth_typing-6.0.0-py3-none-any.whl (19 kB)
Collecting eth-utils==6.0.0 (from -r <VERIFY_ROOT>/contracts/requirements-slither.lock (line 22))
  Using cached eth_utils-6.0.0-py3-none-any.whl (102 kB)
Collecting frozenlist==1.8.0 (from -r <VERIFY_ROOT>/contracts/requirements-slither.lock (line 23))
  Using cached frozenlist-1.8.0-cp312-cp312-macosx_11_0_arm64.whl (50 kB)
Collecting hexbytes==2.0.0 (from -r <VERIFY_ROOT>/contracts/requirements-slither.lock (line 24))
  Using cached hexbytes-2.0.0-py3-none-any.whl (18 kB)
Collecting idna==3.19 (from -r <VERIFY_ROOT>/contracts/requirements-slither.lock (line 25))
  Using cached idna-3.19-py3-none-any.whl (68 kB)
Collecting multidict==6.8.0 (from -r <VERIFY_ROOT>/contracts/requirements-slither.lock (line 26))
  Using cached multidict-6.8.0-cp312-cp312-macosx_11_0_arm64.whl (49 kB)
Collecting packaging==26.3 (from -r <VERIFY_ROOT>/contracts/requirements-slither.lock (line 27))
  Using cached packaging-26.3-py3-none-any.whl (129 kB)
Collecting parsimonious==0.10.0 (from -r <VERIFY_ROOT>/contracts/requirements-slither.lock (line 28))
  Using cached parsimonious-0.10.0-py3-none-any.whl (48 kB)
Collecting prettytable==3.18.0 (from -r <VERIFY_ROOT>/contracts/requirements-slither.lock (line 29))
  Using cached prettytable-3.18.0-py3-none-any.whl (37 kB)
Collecting propcache==0.5.2 (from -r <VERIFY_ROOT>/contracts/requirements-slither.lock (line 30))
  Using cached propcache-0.5.2-cp312-cp312-macosx_11_0_arm64.whl (55 kB)
Collecting py-ecc==8.0.0 (from -r <VERIFY_ROOT>/contracts/requirements-slither.lock (line 31))
  Using cached py_ecc-8.0.0-py3-none-any.whl (47 kB)
Collecting pycryptodome==3.23.0 (from -r <VERIFY_ROOT>/contracts/requirements-slither.lock (line 32))
  Using cached pycryptodome-3.23.0-cp37-abi3-macosx_10_9_universal2.whl (2.5 MB)
Collecting pydantic==2.13.5 (from -r <VERIFY_ROOT>/contracts/requirements-slither.lock (line 33))
  Using cached pydantic-2.13.5-py3-none-any.whl (472 kB)
Collecting pydantic_core==2.46.5 (from -r <VERIFY_ROOT>/contracts/requirements-slither.lock (line 34))
  Using cached pydantic_core-2.46.5-cp312-cp312-macosx_11_0_arm64.whl (1.9 MB)
Collecting pyunormalize==17.0.0 (from -r <VERIFY_ROOT>/contracts/requirements-slither.lock (line 35))
  Using cached pyunormalize-17.0.0-py3-none-any.whl (51 kB)
Collecting regex==2026.9.10 (from -r <VERIFY_ROOT>/contracts/requirements-slither.lock (line 36))
  Using cached regex-2026.9.10-cp312-cp312-macosx_11_0_arm64.whl (291 kB)
Collecting requests==2.34.2 (from -r <VERIFY_ROOT>/contracts/requirements-slither.lock (line 37))
  Using cached requests-2.34.2-py3-none-any.whl (73 kB)
Collecting rlp==5.0.0 (from -r <VERIFY_ROOT>/contracts/requirements-slither.lock (line 38))
  Using cached rlp-5.0.0-py3-none-any.whl (19 kB)
Collecting slither-analyzer==0.11.3 (from -r <VERIFY_ROOT>/contracts/requirements-slither.lock (line 39))
  Using cached slither_analyzer-0.11.3-py3-none-any.whl (817 kB)
Collecting solc-select==1.2.0 (from -r <VERIFY_ROOT>/contracts/requirements-slither.lock (line 40))
  Using cached solc_select-1.2.0-py3-none-any.whl (36 kB)
Collecting toolz==1.1.0 (from -r <VERIFY_ROOT>/contracts/requirements-slither.lock (line 41))
  Using cached toolz-1.1.0-py3-none-any.whl (58 kB)
Collecting types-requests==2.33.0.20260906 (from -r <VERIFY_ROOT>/contracts/requirements-slither.lock (line 42))
  Using cached types_requests-2.33.0.20260906-py3-none-any.whl (21 kB)
Collecting typing_extensions==4.16.0 (from -r <VERIFY_ROOT>/contracts/requirements-slither.lock (line 43))
  Using cached typing_extensions-4.16.0-py3-none-any.whl (45 kB)
Collecting typing-inspection==0.4.4 (from -r <VERIFY_ROOT>/contracts/requirements-slither.lock (line 44))
  Using cached typing_inspection-0.4.4-py3-none-any.whl (14 kB)
Collecting urllib3==2.7.0 (from -r <VERIFY_ROOT>/contracts/requirements-slither.lock (line 45))
  Using cached urllib3-2.7.0-py3-none-any.whl (131 kB)
Collecting wcwidth==0.8.3 (from -r <VERIFY_ROOT>/contracts/requirements-slither.lock (line 46))
  Using cached wcwidth-0.8.3-py3-none-any.whl (331 kB)
Collecting web3==7.16.0 (from -r <VERIFY_ROOT>/contracts/requirements-slither.lock (line 47))
  Using cached web3-7.16.0-py3-none-any.whl (1.4 MB)
Collecting websockets==15.0.1 (from -r <VERIFY_ROOT>/contracts/requirements-slither.lock (line 48))
  Using cached websockets-15.0.1-cp312-cp312-macosx_11_0_arm64.whl (173 kB)
Collecting yarl==1.24.5 (from -r <VERIFY_ROOT>/contracts/requirements-slither.lock (line 49))
  Using cached yarl-1.24.5-cp312-cp312-macosx_11_0_arm64.whl (97 kB)
Installing collected packages: ckzg, websockets, wcwidth, urllib3, typing_extensions, toolz, regex, pyunormalize, pycryptodome, propcache, packaging, multidict, idna, hexbytes, frozenlist, eth-hash, charset-normalizer, certifi, cbor2, bitarray, attrs, annotated-types, aiohappyeyeballs, yarl, typing-inspection, types-requests, requests, pydantic_core, prettytable, parsimonious, eth-typing, cytoolz, aiosignal, solc-select, pydantic, aiohttp, eth-utils, crytic-compile, rlp, py-ecc, eth-keys, eth_abi, eth-rlp, eth-keyfile, eth-account, web3, slither-analyzer
Successfully installed aiohappyeyeballs-2.7.1 aiohttp-3.14.3 aiosignal-1.4.0 annotated-types-0.8.0 attrs-26.1.0 bitarray-3.11.0 cbor2-6.1.4 certifi-2026.7.22 charset-normalizer-3.5.1 ckzg-2.1.8 crytic-compile-0.3.11 cytoolz-1.1.0 eth-account-0.14.0 eth-hash-0.8.0 eth-keyfile-0.10.0 eth-keys-0.8.0 eth-rlp-3.0.0 eth-typing-6.0.0 eth-utils-6.0.0 eth_abi-6.0.0 frozenlist-1.8.0 hexbytes-2.0.0 idna-3.19 multidict-6.8.0 packaging-26.3 parsimonious-0.10.0 prettytable-3.18.0 propcache-0.5.2 py-ecc-8.0.0 pycryptodome-3.23.0 pydantic-2.13.5 pydantic_core-2.46.5 pyunormalize-17.0.0 regex-2026.9.10 requests-2.34.2 rlp-5.0.0 slither-analyzer-0.11.3 solc-select-1.2.0 toolz-1.1.0 types-requests-2.33.0.20260906 typing-inspection-0.4.4 typing_extensions-4.16.0 urllib3-2.7.0 wcwidth-0.8.3 web3-7.16.0 websockets-15.0.1 yarl-1.24.5

[notice] A new release of pip is available: 25.0 -> 26.2.1
[notice] To update, run: <VERIFY_ROOT>/.checks/af-chain01/toolchain/slither-venv/bin/python -m pip install --upgrade pip
Local tool installation complete. Run bash script/check-local.sh; Testnet Writes = CLOSED.
exit=0
